--- STARTING API VERIFICATION ---

[1] POST /auth/login (Valid Credentials)
Status: 200
Γ£à Login Successful. Token received.

[2] GET /students (Read All)
Status: 200
Γ£à Get Students Successful. Found 0 students.

[3] POST /students (Create New)
Status: 201
Γ£à Create Student Successful. ID: 69a6dfcfb60c2edc205b59a3

[4] PUT /students/69a6dfcfb60c2edc205b59a3 (Update Existing)
Status: 200
Γ£à Update Student Successful. Course updated to: Advanced API Testing

[5] DELETE /students/69a6dfcfb60c2edc205b59a3 (Delete Existing)
Status: 200
Γ¥î Delete Student Failed: {"id":"69a6dfcfb60c2edc205b59a3"}

--- API VERIFICATION COMPLETE ---
Error during testing: EBUSY: resource busy or locked, open 'C:\Users\SASI\OneDrive\Desktop\studentMangementMERN\backend\test-results.txt'
